// Jest Snapshot v1, https://goo.gl/fbAQLP

exports[`NodeComponent should match snapshot 1`] = `
<div
  class="ngx-node-root"
  id="root0"
>
  
  <div
    class="ngx-node-container"
  >
    
    <div
      class="ngx-node-children"
    >
      
      <ngx-node
        class="ngx-node-root"
      >
        
        <div
          class="ngx-node-container"
        >
          
          <div
            class="ngx-node-children"
          >
            
            <ngx-node
              class="ngx-node-root"
            >
              
              <div
                class="ngx-node-container"
              >
                
                <div
                  class="ngx-node-children"
                >
                  
                </div>
              </div>
            </ngx-node>
          </div>
        </div>
      </ngx-node>
      <ngx-node
        class="ngx-node-root"
      >
        
        <div
          class="ngx-node-container"
        >
          
          <div
            class="ngx-node-children"
          >
            
          </div>
        </div>
      </ngx-node>
    </div>
  </div>
</div>
`;
